Running main() from C:\Users\www\AiCode\WVmp\wvmp\.deps\googletest-src\googletest\src\gtest_main.cc
Note: Google Test filter = Interpreter.ShiftCountMaskOracleGrid
[==========] Running 1 test from 1 test suite.
[----------] Global test environment set-up.
[----------] 1 test from Interpreter
[ RUN      ] Interpreter.ShiftCountMaskOracleGrid
[mit505-grid] cells=560 diverge_value=0 diverge_flags=20 strict=0
[mit505-grid] shl@S32#imm#count32#seed12345 [flags] → flags[p0x0] vm=0x11 native=0x0 flags[p0x1F] vm=0x11 native=0x1F flags[p0x5] vm=0x11 native=0x5 flags[p0x1A] vm=0x11 native=0x1A
[mit505-grid] shl@S32#cl#count32#seed12345 [flags] → flags[p0x0] vm=0x11 native=0x0 flags[p0x1F] vm=0x11 native=0x1F flags[p0x5] vm=0x11 native=0x5 flags[p0x1A] vm=0x11 native=0x1A
[mit505-grid] shr@S32#imm#count32#seed12345 [flags] → flags[p0x0] vm=0x11 native=0x0 flags[p0x1F] vm=0x11 native=0x1F flags[p0x5] vm=0x11 native=0x5 flags[p0x1A] vm=0x11 native=0x1A
[mit505-grid] shr@S32#cl#count32#seed12345 [flags] → flags[p0x0] vm=0x11 native=0x0 flags[p0x1F] vm=0x11 native=0x1F flags[p0x5] vm=0x11 native=0x5 flags[p0x1A] vm=0x11 native=0x1A
[mit505-grid] sar@S32#imm#count32#seed12345 [flags] → flags[p0x0] vm=0x11 native=0x0 flags[p0x1F] vm=0x11 native=0x1F flags[p0x5] vm=0x11 native=0x5 flags[p0x1A] vm=0x11 native=0x1A
[mit505-grid] sar@S32#cl#count32#seed12345 [flags] → flags[p0x0] vm=0x11 native=0x0 flags[p0x1F] vm=0x11 native=0x1F flags[p0x5] vm=0x11 native=0x5 flags[p0x1A] vm=0x11 native=0x1A
[mit505-grid] rol@S32#imm#count32#seed12345 [flags] → flags[p0x1F] vm=0x19 native=0x1F flags[p0x5] vm=0x1 native=0x5 flags[p0x1A] vm=0x18 native=0x1A
[mit505-grid] rol@S32#cl#count32#seed12345 [flags] → flags[p0x1F] vm=0x19 native=0x1F flags[p0x5] vm=0x1 native=0x5 flags[p0x1A] vm=0x18 native=0x1A
[mit505-grid] ror@S32#imm#count32#seed12345 [flags] → flags[p0x1F] vm=0x19 native=0x1F flags[p0x5] vm=0x1 native=0x5 flags[p0x1A] vm=0x18 native=0x1A
[mit505-grid] ror@S32#cl#count32#seed12345 [flags] → flags[p0x1F] vm=0x19 native=0x1F flags[p0x5] vm=0x1 native=0x5 flags[p0x1A] vm=0x18 native=0x1A
[mit505-grid] shl@S32#imm#count32#seed7 [flags] → flags[p0x0] vm=0x11 native=0x0 flags[p0x1F] vm=0x11 native=0x1F flags[p0x5] vm=0x11 native=0x5 flags[p0x1A] vm=0x11 native=0x1A
[mit505-grid] shl@S32#cl#count32#seed7 [flags] → flags[p0x0] vm=0x11 native=0x0 flags[p0x1F] vm=0x11 native=0x1F flags[p0x5] vm=0x11 native=0x5 flags[p0x1A] vm=0x11 native=0x1A
[mit505-grid] shr@S32#imm#count32#seed7 [flags] → flags[p0x0] vm=0x11 native=0x0 flags[p0x1F] vm=0x11 native=0x1F flags[p0x5] vm=0x11 native=0x5 flags[p0x1A] vm=0x11 native=0x1A
[mit505-grid] shr@S32#cl#count32#seed7 [flags] → flags[p0x0] vm=0x11 native=0x0 flags[p0x1F] vm=0x11 native=0x1F flags[p0x5] vm=0x11 native=0x5 flags[p0x1A] vm=0x11 native=0x1A
[mit505-grid] sar@S32#imm#count32#seed7 [flags] → flags[p0x0] vm=0x11 native=0x0 flags[p0x1F] vm=0x11 native=0x1F flags[p0x5] vm=0x11 native=0x5 flags[p0x1A] vm=0x11 native=0x1A
[mit505-grid] sar@S32#cl#count32#seed7 [flags] → flags[p0x0] vm=0x11 native=0x0 flags[p0x1F] vm=0x11 native=0x1F flags[p0x5] vm=0x11 native=0x5 flags[p0x1A] vm=0x11 native=0x1A
[mit505-grid] rol@S32#imm#count32#seed7 [flags] → flags[p0x1F] vm=0x19 native=0x1F flags[p0x5] vm=0x1 native=0x5 flags[p0x1A] vm=0x18 native=0x1A
[mit505-grid] rol@S32#cl#count32#seed7 [flags] → flags[p0x1F] vm=0x19 native=0x1F flags[p0x5] vm=0x1 native=0x5 flags[p0x1A] vm=0x18 native=0x1A
[mit505-grid] ror@S32#imm#count32#seed7 [flags] → flags[p0x1F] vm=0x19 native=0x1F flags[p0x5] vm=0x1 native=0x5 flags[p0x1A] vm=0x18 native=0x1A
[mit505-grid] ror@S32#cl#count32#seed7 [flags] → flags[p0x1F] vm=0x19 native=0x1F flags[p0x5] vm=0x1 native=0x5 flags[p0x1A] vm=0x18 native=0x1A
[       OK ] Interpreter.ShiftCountMaskOracleGrid (341 ms)
[----------] 1 test from Interpreter (341 ms total)

[----------] Global test environment tear-down
[==========] 1 test from 1 test suite ran. (341 ms total)
[  PASSED  ] 1 test.
