[multiseed] PASS seed=1 sample=wvmp_call_gate_sample.exe
[multiseed] PASS seed=12345 sample=wvmp_call_gate_sample.exe
[multiseed] PASS seed=99999 sample=wvmp_call_gate_sample.exe
[multiseed] PASS seed=3735928559 sample=wvmp_call_gate_sample.exe
[multiseed] PASS seed=3405691582 sample=wvmp_call_gate_sample.exe
[multiseed] PASS seed=1 sample=wvmp_call_gate_simple_sample.exe
[multiseed] PASS seed=12345 sample=wvmp_call_gate_simple_sample.exe
[multiseed] PASS seed=99999 sample=wvmp_call_gate_simple_sample.exe
[multiseed] PASS seed=3735928559 sample=wvmp_call_gate_simple_sample.exe
[multiseed] PASS seed=3405691582 sample=wvmp_call_gate_simple_sample.exe
[multiseed] PASS seed=1 sample=wvmp_rol_sample.exe
[multiseed] PASS seed=12345 sample=wvmp_rol_sample.exe
[multiseed] PASS seed=99999 sample=wvmp_rol_sample.exe
[multiseed] PASS seed=3735928559 sample=wvmp_rol_sample.exe
[multiseed] PASS seed=3405691582 sample=wvmp_rol_sample.exe
[multiseed] PASS seed=1 sample=wvmp_snake_sample.exe
[multiseed] PASS seed=12345 sample=wvmp_snake_sample.exe
[multiseed] PASS seed=99999 sample=wvmp_snake_sample.exe
[multiseed] PASS seed=3735928559 sample=wvmp_snake_sample.exe
[multiseed] PASS seed=3405691582 sample=wvmp_snake_sample.exe
[multiseed] PASS seed=1 sample=wvmp_cl_shift_sample.exe
[multiseed] PASS seed=12345 sample=wvmp_cl_shift_sample.exe
[multiseed] PASS seed=99999 sample=wvmp_cl_shift_sample.exe
[multiseed] PASS seed=3735928559 sample=wvmp_cl_shift_sample.exe
[multiseed] PASS seed=3405691582 sample=wvmp_cl_shift_sample.exe
[multiseed] PASS seed=1 sample=wvmp_imul_sample.exe
[multiseed] PASS seed=12345 sample=wvmp_imul_sample.exe
[multiseed] PASS seed=99999 sample=wvmp_imul_sample.exe
[multiseed] PASS seed=3735928559 sample=wvmp_imul_sample.exe
[multiseed] PASS seed=3405691582 sample=wvmp_imul_sample.exe
[multiseed] PASS seed=1 sample=wvmp_bswap_sample.exe
[multiseed] PASS seed=12345 sample=wvmp_bswap_sample.exe
[multiseed] PASS seed=99999 sample=wvmp_bswap_sample.exe
[multiseed] PASS seed=3735928559 sample=wvmp_bswap_sample.exe
[multiseed] PASS seed=3405691582 sample=wvmp_bswap_sample.exe
[multiseed] PASS seed=1 sample=wvmp_xchg_sample.exe
[multiseed] PASS seed=12345 sample=wvmp_xchg_sample.exe
[multiseed] PASS seed=99999 sample=wvmp_xchg_sample.exe
[multiseed] PASS seed=3735928559 sample=wvmp_xchg_sample.exe
[multiseed] PASS seed=3405691582 sample=wvmp_xchg_sample.exe
[multiseed] PASS seed=1 sample=wvmp_setcc_sample.exe
[multiseed] PASS seed=12345 sample=wvmp_setcc_sample.exe
[multiseed] PASS seed=99999 sample=wvmp_setcc_sample.exe
[multiseed] PASS seed=3735928559 sample=wvmp_setcc_sample.exe
[multiseed] PASS seed=3405691582 sample=wvmp_setcc_sample.exe
[multiseed] PASS seed=1 sample=wvmp_cmovcc_sample.exe
[multiseed] PASS seed=12345 sample=wvmp_cmovcc_sample.exe
[multiseed] PASS seed=99999 sample=wvmp_cmovcc_sample.exe
[multiseed] PASS seed=3735928559 sample=wvmp_cmovcc_sample.exe
[multiseed] PASS seed=3405691582 sample=wvmp_cmovcc_sample.exe
[multiseed] PASS seed=1 sample=wvmp_cmpxchg_sample.exe
[multiseed] PASS seed=12345 sample=wvmp_cmpxchg_sample.exe
[multiseed] PASS seed=99999 sample=wvmp_cmpxchg_sample.exe
[multiseed] PASS seed=3735928559 sample=wvmp_cmpxchg_sample.exe
[multiseed] PASS seed=3405691582 sample=wvmp_cmpxchg_sample.exe
[multiseed] PASS seed=1 sample=wvmp_sse_add_sample.exe
[multiseed] PASS seed=12345 sample=wvmp_sse_add_sample.exe
[multiseed] PASS seed=99999 sample=wvmp_sse_add_sample.exe
[multiseed] PASS seed=3735928559 sample=wvmp_sse_add_sample.exe
[multiseed] PASS seed=3405691582 sample=wvmp_sse_add_sample.exe
[multiseed] PASS seed=1 sample=wvmp_sse_sub_sample.exe
[multiseed] PASS seed=12345 sample=wvmp_sse_sub_sample.exe
[multiseed] PASS seed=99999 sample=wvmp_sse_sub_sample.exe
[multiseed] PASS seed=3735928559 sample=wvmp_sse_sub_sample.exe
[multiseed] PASS seed=3405691582 sample=wvmp_sse_sub_sample.exe
[multiseed] PASS seed=1 sample=wvmp_sse_subss_xmm_readback_sample.exe
[multiseed] PASS seed=12345 sample=wvmp_sse_subss_xmm_readback_sample.exe
[multiseed] PASS seed=99999 sample=wvmp_sse_subss_xmm_readback_sample.exe
[multiseed] PASS seed=3735928559 sample=wvmp_sse_subss_xmm_readback_sample.exe
[multiseed] PASS seed=3405691582 sample=wvmp_sse_subss_xmm_readback_sample.exe
[multiseed] PASS seed=1 sample=wvmp_sse_div_sample.exe
[multiseed] PASS seed=12345 sample=wvmp_sse_div_sample.exe
[multiseed] PASS seed=99999 sample=wvmp_sse_div_sample.exe
[multiseed] PASS seed=3735928559 sample=wvmp_sse_div_sample.exe
[multiseed] PASS seed=3405691582 sample=wvmp_sse_div_sample.exe
[multiseed] PASS seed=1 sample=wvmp_sse_divss_xmm_readback_sample.exe
[multiseed] PASS seed=12345 sample=wvmp_sse_divss_xmm_readback_sample.exe
[multiseed] PASS seed=99999 sample=wvmp_sse_divss_xmm_readback_sample.exe
[multiseed] PASS seed=3735928559 sample=wvmp_sse_divss_xmm_readback_sample.exe
[multiseed] PASS seed=3405691582 sample=wvmp_sse_divss_xmm_readback_sample.exe
[multiseed] PASS seed=1 sample=wvmp_sse_mov_sample.exe
[multiseed] PASS seed=12345 sample=wvmp_sse_mov_sample.exe
[multiseed] PASS seed=99999 sample=wvmp_sse_mov_sample.exe
[multiseed] PASS seed=3735928559 sample=wvmp_sse_mov_sample.exe
[multiseed] PASS seed=3405691582 sample=wvmp_sse_mov_sample.exe
[multiseed] PASS seed=1 sample=wvmp_sse_movss_xmm_readback_sample.exe
[multiseed] PASS seed=12345 sample=wvmp_sse_movss_xmm_readback_sample.exe
[multiseed] PASS seed=99999 sample=wvmp_sse_movss_xmm_readback_sample.exe
[multiseed] PASS seed=3735928559 sample=wvmp_sse_movss_xmm_readback_sample.exe
[multiseed] PASS seed=3405691582 sample=wvmp_sse_movss_xmm_readback_sample.exe
[multiseed] PASS seed=1 sample=wvmp_sse_bwcmp_sample.exe
[multiseed] PASS seed=12345 sample=wvmp_sse_bwcmp_sample.exe
[multiseed] PASS seed=99999 sample=wvmp_sse_bwcmp_sample.exe
[multiseed] PASS seed=3735928559 sample=wvmp_sse_bwcmp_sample.exe
[multiseed] PASS seed=3405691582 sample=wvmp_sse_bwcmp_sample.exe
[multiseed] PASS seed=1 sample=wvmp_sse_bwcmpss_flags_readback_sample.exe
[multiseed] PASS seed=12345 sample=wvmp_sse_bwcmpss_flags_readback_sample.exe
[multiseed] PASS seed=99999 sample=wvmp_sse_bwcmpss_flags_readback_sample.exe
[multiseed] PASS seed=3735928559 sample=wvmp_sse_bwcmpss_flags_readback_sample.exe
[multiseed] PASS seed=3405691582 sample=wvmp_sse_bwcmpss_flags_readback_sample.exe
[multiseed] PASS seed=1 sample=wvmp_div_sample.exe
[multiseed] PASS seed=12345 sample=wvmp_div_sample.exe
[multiseed] PASS seed=99999 sample=wvmp_div_sample.exe
[multiseed] PASS seed=3735928559 sample=wvmp_div_sample.exe
[multiseed] PASS seed=3405691582 sample=wvmp_div_sample.exe
[multiseed] PASS seed=1 sample=wvmp_div_flags_readback_sample.exe
[multiseed] PASS seed=12345 sample=wvmp_div_flags_readback_sample.exe
[multiseed] PASS seed=99999 sample=wvmp_div_flags_readback_sample.exe
[multiseed] PASS seed=3735928559 sample=wvmp_div_flags_readback_sample.exe
[multiseed] PASS seed=3405691582 sample=wvmp_div_flags_readback_sample.exe
[multiseed] PASS seed=1 sample=wvmp_rip_relative_sample.exe
[multiseed] PASS seed=12345 sample=wvmp_rip_relative_sample.exe
[multiseed] PASS seed=99999 sample=wvmp_rip_relative_sample.exe
[multiseed] PASS seed=3735928559 sample=wvmp_rip_relative_sample.exe
[multiseed] PASS seed=3405691582 sample=wvmp_rip_relative_sample.exe
[multiseed] PASS seed=1 sample=wvmp_rip_relative_simple_sample.exe
[multiseed] PASS seed=12345 sample=wvmp_rip_relative_simple_sample.exe
[multiseed] PASS seed=99999 sample=wvmp_rip_relative_simple_sample.exe
[multiseed] PASS seed=3735928559 sample=wvmp_rip_relative_simple_sample.exe
[multiseed] PASS seed=3405691582 sample=wvmp_rip_relative_simple_sample.exe
[multiseed] PASS seed=1 sample=wvmp_deepcall_sample.exe
[multiseed] PASS seed=12345 sample=wvmp_deepcall_sample.exe
[multiseed] PASS seed=99999 sample=wvmp_deepcall_sample.exe
[multiseed] PASS seed=3735928559 sample=wvmp_deepcall_sample.exe
[multiseed] PASS seed=3405691582 sample=wvmp_deepcall_sample.exe
[multiseed] PASS seed=1 sample=wvmp_deepcall_div_sample.exe
[multiseed] PASS seed=12345 sample=wvmp_deepcall_div_sample.exe
[multiseed] PASS seed=99999 sample=wvmp_deepcall_div_sample.exe
[multiseed] PASS seed=3735928559 sample=wvmp_deepcall_div_sample.exe
[multiseed] PASS seed=3405691582 sample=wvmp_deepcall_div_sample.exe
[multiseed] PASS seed=1 sample=wvmp_exitnative_pos_sample.exe
[multiseed] PASS seed=12345 sample=wvmp_exitnative_pos_sample.exe
[multiseed] PASS seed=99999 sample=wvmp_exitnative_pos_sample.exe
[multiseed] PASS seed=3735928559 sample=wvmp_exitnative_pos_sample.exe
[multiseed] PASS seed=3405691582 sample=wvmp_exitnative_pos_sample.exe
[multiseed] PASS seed=1 sample=wvmp_sse_rip_sample.exe
[multiseed] PASS seed=12345 sample=wvmp_sse_rip_sample.exe
[multiseed] PASS seed=99999 sample=wvmp_sse_rip_sample.exe
[multiseed] PASS seed=3735928559 sample=wvmp_sse_rip_sample.exe
[multiseed] PASS seed=3405691582 sample=wvmp_sse_rip_sample.exe
[multiseed] PASS seed=1 sample=wvmp_sse_rip_xmm_readback_sample.exe
[multiseed] PASS seed=12345 sample=wvmp_sse_rip_xmm_readback_sample.exe
[multiseed] PASS seed=99999 sample=wvmp_sse_rip_xmm_readback_sample.exe
[multiseed] PASS seed=3735928559 sample=wvmp_sse_rip_xmm_readback_sample.exe
[multiseed] PASS seed=3405691582 sample=wvmp_sse_rip_xmm_readback_sample.exe
[multiseed] PASS seed=1 sample=wvmp_jmp_table_sample.exe
[multiseed] PASS seed=12345 sample=wvmp_jmp_table_sample.exe
[multiseed] PASS seed=99999 sample=wvmp_jmp_table_sample.exe
[multiseed] PASS seed=3735928559 sample=wvmp_jmp_table_sample.exe
[multiseed] PASS seed=3405691582 sample=wvmp_jmp_table_sample.exe
[multiseed] PASS seed=1 sample=wvmp_sse_memop_sample.exe
[multiseed] PASS seed=12345 sample=wvmp_sse_memop_sample.exe
[multiseed] PASS seed=99999 sample=wvmp_sse_memop_sample.exe
[multiseed] PASS seed=3735928559 sample=wvmp_sse_memop_sample.exe
[multiseed] PASS seed=3405691582 sample=wvmp_sse_memop_sample.exe
[multiseed] PASS seed=1 sample=wvmp_sse_memop_xmm_readback_sample.exe
[multiseed] PASS seed=12345 sample=wvmp_sse_memop_xmm_readback_sample.exe
[multiseed] PASS seed=99999 sample=wvmp_sse_memop_xmm_readback_sample.exe
[multiseed] PASS seed=3735928559 sample=wvmp_sse_memop_xmm_readback_sample.exe
[multiseed] PASS seed=3405691582 sample=wvmp_sse_memop_xmm_readback_sample.exe
[multiseed] PASS seed=1 sample=wvmp_jmp_table8_sample.exe
[multiseed] PASS seed=12345 sample=wvmp_jmp_table8_sample.exe
[multiseed] PASS seed=99999 sample=wvmp_jmp_table8_sample.exe
[multiseed] PASS seed=3735928559 sample=wvmp_jmp_table8_sample.exe
[multiseed] PASS seed=3405691582 sample=wvmp_jmp_table8_sample.exe
[multiseed] PASS seed=1 sample=wvmp_string_ops_sample.exe
[multiseed] PASS seed=12345 sample=wvmp_string_ops_sample.exe
[multiseed] PASS seed=99999 sample=wvmp_string_ops_sample.exe
[multiseed] PASS seed=3735928559 sample=wvmp_string_ops_sample.exe
[multiseed] PASS seed=3405691582 sample=wvmp_string_ops_sample.exe
[multiseed] PASS seed=1 sample=wvmp_fp_callgate_sample.exe
[multiseed] PASS seed=12345 sample=wvmp_fp_callgate_sample.exe
[multiseed] PASS seed=99999 sample=wvmp_fp_callgate_sample.exe
[multiseed] PASS seed=3735928559 sample=wvmp_fp_callgate_sample.exe
[multiseed] PASS seed=3405691582 sample=wvmp_fp_callgate_sample.exe
[multiseed] PASS seed=1 sample=wvmp_x87_gate_sample.exe
[multiseed] PASS seed=12345 sample=wvmp_x87_gate_sample.exe
[multiseed] PASS seed=99999 sample=wvmp_x87_gate_sample.exe
[multiseed] PASS seed=3735928559 sample=wvmp_x87_gate_sample.exe
[multiseed] PASS seed=3405691582 sample=wvmp_x87_gate_sample.exe
[multiseed] PASS seed=1 sample=wvmp_atomic_ops_sample.exe
[multiseed] PASS seed=12345 sample=wvmp_atomic_ops_sample.exe
[multiseed] PASS seed=99999 sample=wvmp_atomic_ops_sample.exe
[multiseed] PASS seed=3735928559 sample=wvmp_atomic_ops_sample.exe
[multiseed] PASS seed=3405691582 sample=wvmp_atomic_ops_sample.exe
[multiseed] PASS seed=1 sample=wvmp_atomic_incdec_sample.exe
[multiseed] PASS seed=12345 sample=wvmp_atomic_incdec_sample.exe
[multiseed] PASS seed=99999 sample=wvmp_atomic_incdec_sample.exe
[multiseed] PASS seed=3735928559 sample=wvmp_atomic_incdec_sample.exe
[multiseed] PASS seed=3405691582 sample=wvmp_atomic_incdec_sample.exe
[multiseed] PASS seed=1 sample=wvmp_sse_fin_sample.exe
[multiseed] PASS seed=12345 sample=wvmp_sse_fin_sample.exe
[multiseed] PASS seed=99999 sample=wvmp_sse_fin_sample.exe
[multiseed] PASS seed=3735928559 sample=wvmp_sse_fin_sample.exe
[multiseed] PASS seed=3405691582 sample=wvmp_sse_fin_sample.exe
[multiseed] PASS seed=1 sample=wvmp_sse_fin_xmm_readback_sample.exe
[multiseed] PASS seed=12345 sample=wvmp_sse_fin_xmm_readback_sample.exe
[multiseed] PASS seed=99999 sample=wvmp_sse_fin_xmm_readback_sample.exe
[multiseed] PASS seed=3735928559 sample=wvmp_sse_fin_xmm_readback_sample.exe
[multiseed] PASS seed=3405691582 sample=wvmp_sse_fin_xmm_readback_sample.exe
[multiseed] PASS seed=1 sample=wvmp_vex128_sample.exe
[multiseed] PASS seed=12345 sample=wvmp_vex128_sample.exe
[multiseed] PASS seed=99999 sample=wvmp_vex128_sample.exe
[multiseed] PASS seed=3735928559 sample=wvmp_vex128_sample.exe
[multiseed] PASS seed=3405691582 sample=wvmp_vex128_sample.exe
[multiseed] PASS seed=1 sample=wvmp_vex128_xmm_readback_sample.exe
[multiseed] PASS seed=12345 sample=wvmp_vex128_xmm_readback_sample.exe
[multiseed] PASS seed=99999 sample=wvmp_vex128_xmm_readback_sample.exe
[multiseed] PASS seed=3735928559 sample=wvmp_vex128_xmm_readback_sample.exe
[multiseed] PASS seed=3405691582 sample=wvmp_vex128_xmm_readback_sample.exe
[multiseed] PASS seed=1 sample=wvmp_ymm_data_sample.exe
[multiseed] PASS seed=12345 sample=wvmp_ymm_data_sample.exe
[multiseed] PASS seed=99999 sample=wvmp_ymm_data_sample.exe
[multiseed] PASS seed=3735928559 sample=wvmp_ymm_data_sample.exe
[multiseed] PASS seed=3405691582 sample=wvmp_ymm_data_sample.exe
[multiseed] PASS seed=1 sample=wvmp_sse_bridge_sample.exe
[multiseed] PASS seed=12345 sample=wvmp_sse_bridge_sample.exe
[multiseed] PASS seed=99999 sample=wvmp_sse_bridge_sample.exe
[multiseed] PASS seed=3735928559 sample=wvmp_sse_bridge_sample.exe
[multiseed] PASS seed=3405691582 sample=wvmp_sse_bridge_sample.exe
[multiseed] PASS seed=1 sample=wvmp_sse_bridge_xmm_readback_sample.exe
[multiseed] PASS seed=12345 sample=wvmp_sse_bridge_xmm_readback_sample.exe
[multiseed] PASS seed=99999 sample=wvmp_sse_bridge_xmm_readback_sample.exe
[multiseed] PASS seed=3735928559 sample=wvmp_sse_bridge_xmm_readback_sample.exe
[multiseed] PASS seed=3405691582 sample=wvmp_sse_bridge_xmm_readback_sample.exe
[multiseed] PASS seed=1 sample=wvmp_aligned_mov_sample.exe
[multiseed] PASS seed=12345 sample=wvmp_aligned_mov_sample.exe
[multiseed] PASS seed=99999 sample=wvmp_aligned_mov_sample.exe
[multiseed] PASS seed=3735928559 sample=wvmp_aligned_mov_sample.exe
[multiseed] PASS seed=3405691582 sample=wvmp_aligned_mov_sample.exe
[multiseed] PASS seed=1 sample=wvmp_aligned_mov_xmm_readback_sample.exe
[multiseed] PASS seed=12345 sample=wvmp_aligned_mov_xmm_readback_sample.exe
[multiseed] PASS seed=99999 sample=wvmp_aligned_mov_xmm_readback_sample.exe
[multiseed] PASS seed=3735928559 sample=wvmp_aligned_mov_xmm_readback_sample.exe
[multiseed] PASS seed=3405691582 sample=wvmp_aligned_mov_xmm_readback_sample.exe
[multiseed] PASS seed=1 sample=wvmp_flags_rol_sample.exe
[multiseed] PASS seed=12345 sample=wvmp_flags_rol_sample.exe
[multiseed] PASS seed=99999 sample=wvmp_flags_rol_sample.exe
[multiseed] PASS seed=3735928559 sample=wvmp_flags_rol_sample.exe
[multiseed] PASS seed=3405691582 sample=wvmp_flags_rol_sample.exe
[multiseed] PASS seed=1 sample=wvmp_bmi_sample.exe
[multiseed] PASS seed=12345 sample=wvmp_bmi_sample.exe
[multiseed] PASS seed=99999 sample=wvmp_bmi_sample.exe
[multiseed] PASS seed=3735928559 sample=wvmp_bmi_sample.exe
[multiseed] PASS seed=3405691582 sample=wvmp_bmi_sample.exe
[multiseed] PASS seed=1 sample=wvmp_retimm_sample.exe
[multiseed] PASS seed=12345 sample=wvmp_retimm_sample.exe
[multiseed] PASS seed=99999 sample=wvmp_retimm_sample.exe
[multiseed] PASS seed=3735928559 sample=wvmp_retimm_sample.exe
[multiseed] PASS seed=3405691582 sample=wvmp_retimm_sample.exe
[multiseed] PASS seed=1 sample=wvmp_forkface_sample.exe
[multiseed] PASS seed=12345 sample=wvmp_forkface_sample.exe
[multiseed] PASS seed=99999 sample=wvmp_forkface_sample.exe
[multiseed] PASS seed=3735928559 sample=wvmp_forkface_sample.exe
[multiseed] PASS seed=3405691582 sample=wvmp_forkface_sample.exe
[multiseed] PASS seed=1 sample=wvmp_shift0_flags_sample.exe
[multiseed] PASS seed=12345 sample=wvmp_shift0_flags_sample.exe
[multiseed] PASS seed=99999 sample=wvmp_shift0_flags_sample.exe
[multiseed] PASS seed=3735928559 sample=wvmp_shift0_flags_sample.exe
[multiseed] PASS seed=3405691582 sample=wvmp_shift0_flags_sample.exe
[multiseed] PASS seed=1 sample=wvmp_x86_forkface_sample.exe
[multiseed] PASS seed=12345 sample=wvmp_x86_forkface_sample.exe
[multiseed] PASS seed=99999 sample=wvmp_x86_forkface_sample.exe
[multiseed] PASS seed=3735928559 sample=wvmp_x86_forkface_sample.exe
[multiseed] PASS seed=3405691582 sample=wvmp_x86_forkface_sample.exe
[multiseed] PASS seed=1 sample=wvmp_x86_sse_sample.exe
[multiseed] PASS seed=12345 sample=wvmp_x86_sse_sample.exe
[multiseed] PASS seed=99999 sample=wvmp_x86_sse_sample.exe
[multiseed] PASS seed=3735928559 sample=wvmp_x86_sse_sample.exe
[multiseed] PASS seed=3405691582 sample=wvmp_x86_sse_sample.exe
[multiseed] PASS seed=1 sample=wvmp_x86_callgate_sample.exe
[multiseed] PASS seed=12345 sample=wvmp_x86_callgate_sample.exe
[multiseed] PASS seed=99999 sample=wvmp_x86_callgate_sample.exe
[multiseed] PASS seed=3735928559 sample=wvmp_x86_callgate_sample.exe
[multiseed] PASS seed=3405691582 sample=wvmp_x86_callgate_sample.exe
[multiseed] PASS seed=1 sample=wvmp_x86_deepcall_sample.exe
[multiseed] PASS seed=12345 sample=wvmp_x86_deepcall_sample.exe
[multiseed] PASS seed=99999 sample=wvmp_x86_deepcall_sample.exe
[multiseed] PASS seed=3735928559 sample=wvmp_x86_deepcall_sample.exe
[multiseed] PASS seed=3405691582 sample=wvmp_x86_deepcall_sample.exe
[multiseed] PASS seed=1 sample=wvmp_x86_jmptbl_sample.exe
[multiseed] PASS seed=12345 sample=wvmp_x86_jmptbl_sample.exe
[multiseed] PASS seed=99999 sample=wvmp_x86_jmptbl_sample.exe
[multiseed] PASS seed=3735928559 sample=wvmp_x86_jmptbl_sample.exe
[multiseed] PASS seed=3405691582 sample=wvmp_x86_jmptbl_sample.exe
[multiseed] PASS seed=1 sample=wvmp_x86_strops_sample.exe
[multiseed] PASS seed=12345 sample=wvmp_x86_strops_sample.exe
[multiseed] PASS seed=99999 sample=wvmp_x86_strops_sample.exe
[multiseed] PASS seed=3735928559 sample=wvmp_x86_strops_sample.exe
[multiseed] PASS seed=3405691582 sample=wvmp_x86_strops_sample.exe
[multiseed] PASS seed=1 sample=wvmp_x86_bitops_sample.exe
[multiseed] PASS seed=12345 sample=wvmp_x86_bitops_sample.exe
[multiseed] PASS seed=99999 sample=wvmp_x86_bitops_sample.exe
[multiseed] PASS seed=3735928559 sample=wvmp_x86_bitops_sample.exe
[multiseed] PASS seed=3405691582 sample=wvmp_x86_bitops_sample.exe
[multiseed] PASS seed=1 sample=wvmp_x86_looplea_sample.exe
[multiseed] PASS seed=12345 sample=wvmp_x86_looplea_sample.exe
[multiseed] PASS seed=99999 sample=wvmp_x86_looplea_sample.exe
[multiseed] PASS seed=3735928559 sample=wvmp_x86_looplea_sample.exe
[multiseed] PASS seed=3405691582 sample=wvmp_x86_looplea_sample.exe
[multiseed] PASS seed=1 sample=wvmp_x86_x87gate_sample.exe
[multiseed] PASS seed=12345 sample=wvmp_x86_x87gate_sample.exe
[multiseed] PASS seed=99999 sample=wvmp_x86_x87gate_sample.exe
[multiseed] PASS seed=3735928559 sample=wvmp_x86_x87gate_sample.exe
[multiseed] PASS seed=3405691582 sample=wvmp_x86_x87gate_sample.exe
[multiseed] PASS seed=1 sample=wvmp_x86_sehgate_sample.exe
[multiseed] PASS seed=12345 sample=wvmp_x86_sehgate_sample.exe
[multiseed] PASS seed=99999 sample=wvmp_x86_sehgate_sample.exe
[multiseed] PASS seed=3735928559 sample=wvmp_x86_sehgate_sample.exe
[multiseed] PASS seed=3405691582 sample=wvmp_x86_sehgate_sample.exe
[multiseed] PASS seed=1 sample=wvmp_x86_std67gate_sample.exe
[multiseed] PASS seed=12345 sample=wvmp_x86_std67gate_sample.exe
[multiseed] PASS seed=99999 sample=wvmp_x86_std67gate_sample.exe
[multiseed] PASS seed=3735928559 sample=wvmp_x86_std67gate_sample.exe
[multiseed] PASS seed=3405691582 sample=wvmp_x86_std67gate_sample.exe
[multiseed] PASS seed=1 sample=wvmp_x86_pushform_sample.exe
[multiseed] PASS seed=12345 sample=wvmp_x86_pushform_sample.exe
[multiseed] PASS seed=99999 sample=wvmp_x86_pushform_sample.exe
[multiseed] PASS seed=3735928559 sample=wvmp_x86_pushform_sample.exe
[multiseed] PASS seed=3405691582 sample=wvmp_x86_pushform_sample.exe
[multiseed] PASS seed=1 sample=wvmp_x86_guardover_sample.exe
[multiseed] PASS seed=12345 sample=wvmp_x86_guardover_sample.exe
[multiseed] PASS seed=99999 sample=wvmp_x86_guardover_sample.exe
[multiseed] PASS seed=3735928559 sample=wvmp_x86_guardover_sample.exe
[multiseed] PASS seed=3405691582 sample=wvmp_x86_guardover_sample.exe
[multiseed] PASS seed=1 sample=wvmp_x86_tailexit_sample.exe
[multiseed] PASS seed=12345 sample=wvmp_x86_tailexit_sample.exe
[multiseed] PASS seed=99999 sample=wvmp_x86_tailexit_sample.exe
[multiseed] PASS seed=3735928559 sample=wvmp_x86_tailexit_sample.exe
[multiseed] PASS seed=3405691582 sample=wvmp_x86_tailexit_sample.exe
[multiseed] PASS seed=1 sample=wvmp_x86_pushimm_sample.exe
[multiseed] PASS seed=12345 sample=wvmp_x86_pushimm_sample.exe
[multiseed] PASS seed=99999 sample=wvmp_x86_pushimm_sample.exe
[multiseed] PASS seed=3735928559 sample=wvmp_x86_pushimm_sample.exe
[multiseed] PASS seed=3405691582 sample=wvmp_x86_pushimm_sample.exe
[multiseed] PASS seed=1 sample=wvmp_x86_div_sample.exe
[multiseed] PASS seed=12345 sample=wvmp_x86_div_sample.exe
[multiseed] PASS seed=99999 sample=wvmp_x86_div_sample.exe
[multiseed] PASS seed=3735928559 sample=wvmp_x86_div_sample.exe
[multiseed] PASS seed=3405691582 sample=wvmp_x86_div_sample.exe
[multiseed] PASS seed=1 sample=wvmp_x86_pushmem_sample.exe
[multiseed] PASS seed=12345 sample=wvmp_x86_pushmem_sample.exe
[multiseed] PASS seed=99999 sample=wvmp_x86_pushmem_sample.exe
[multiseed] PASS seed=3735928559 sample=wvmp_x86_pushmem_sample.exe
[multiseed] PASS seed=3405691582 sample=wvmp_x86_pushmem_sample.exe
[multiseed] PASS seed=1 sample=wvmp_x86_fastcall_sample.exe
[multiseed] PASS seed=12345 sample=wvmp_x86_fastcall_sample.exe
[multiseed] PASS seed=99999 sample=wvmp_x86_fastcall_sample.exe
[multiseed] PASS seed=3735928559 sample=wvmp_x86_fastcall_sample.exe
[multiseed] PASS seed=3405691582 sample=wvmp_x86_fastcall_sample.exe
[multiseed] PASS seed=1 sample=wvmp_x86_x87l0_sample.exe
[multiseed] PASS seed=12345 sample=wvmp_x86_x87l0_sample.exe
[multiseed] PASS seed=99999 sample=wvmp_x86_x87l0_sample.exe
[multiseed] PASS seed=3735928559 sample=wvmp_x86_x87l0_sample.exe
[multiseed] PASS seed=3405691582 sample=wvmp_x86_x87l0_sample.exe
[multiseed] PASS seed=1 sample=wvmp_x86_x87l1_sample.exe
[multiseed] PASS seed=12345 sample=wvmp_x86_x87l1_sample.exe
[multiseed] PASS seed=99999 sample=wvmp_x86_x87l1_sample.exe
[multiseed] PASS seed=3735928559 sample=wvmp_x86_x87l1_sample.exe
[multiseed] PASS seed=3405691582 sample=wvmp_x86_x87l1_sample.exe
[multiseed] TOTAL: 360 pass / 0 fail
exit=0
